// Jest Snapshot v1, https://goo.gl/fbAQLP

exports[`Parser test generate correct template string 1`] = `
"<el-form inline label-width=\\"100px\\">
  <el-form-item required label=\\"\\">
    <el-input type=\\"text\\" :bind=\\"text\\" type=\\"text\\" clearable />
  </el-form-item>
</el-form>

<el-form :inline=\\"false\\" label-width=\\"100px\\" />
"
`;
